
> danbaiwa-data-plug@0.1.0 build
> next build

Ôû▓ Next.js 16.2.3 (Turbopack)
- Environments: .env.local, .env

node.exe : ÔÜá The "middleware" file convention is deprecated. Please use 
"proxy" instead. Learn more: 
https://nextjs.org/docs/messages/middleware-to-proxy
At line:1 char:1
+ & "C:\Program Files\nodejs/node.exe" "C:\Users\HP\AppData\Roaming\npm ...
+ ~~~~~~~~~~~~~~~~~~~~~~~~~~~~~~~~~~~~~~~~~~~~~~~~~~~~~~~~~~~~~~~~~~~~~
    + CategoryInfo          : NotSpecified: (ÔÜá The "middle...leware-to-proxy 
   :String) [], RemoteException
    + FullyQualifiedErrorId : NativeCommandError
 
  Creating an optimized production build ...
Ô£ô Compiled successfully in 4.1s
  Running TypeScript ...
  Finished TypeScript in 10.4s ...
  Collecting page data using 7 workers ...
  Generating static pages using 7 workers (0/10) ...
  Generating static pages using 7 workers (2/10) 
ÔÜá Unsupported metadata viewport is configured in metadata export in /admin. 
Please move it to viewport export instead.
Read more: 
https://nextjs.org/docs/app/api-reference/functions/generate-viewport
ÔÜá Unsupported metadata themeColor is configured in metadata export in 
/admin. Please move it to viewport export instead.
Read more: 
https://nextjs.org/docs/app/api-reference/functions/generate-viewport
ÔÜá Unsupported metadata viewport is configured in metadata export in 
/_not-found. Please move it to viewport export instead.
Read more: 
https://nextjs.org/docs/app/api-reference/functions/generate-viewport
ÔÜá Unsupported metadata themeColor is configured in metadata export in 
/_not-found. Please move it to viewport export instead.
Read more: 
https://nextjs.org/docs/app/api-reference/functions/generate-viewport
ÔÜá Unsupported metadata viewport is configured in metadata export in 
/app/auth. Please move it to viewport export instead.
Read more: 
https://nextjs.org/docs/app/api-reference/functions/generate-viewport
ÔÜá Unsupported metadata themeColor is configured in metadata export in 
/app/auth. Please move it to viewport export instead.
Read more: 
https://nextjs.org/docs/app/api-reference/functions/generate-viewport
ÔÜá Unsupported metadata viewport is configured in metadata export in /app. 
Please move it to viewport export instead.
Read more: 
https://nextjs.org/docs/app/api-reference/functions/generate-viewport
ÔÜá Unsupported metadata themeColor is configured in metadata export in /app. 
Please move it to viewport export instead.
Read more: 
https://nextjs.org/docs/app/api-reference/functions/generate-viewport
  Generating static pages using 7 workers (4/10) 
  Generating static pages using 7 workers (7/10) 
ÔÜá Unsupported metadata viewport is configured in metadata export in /. 
Please move it to viewport export instead.
Read more: 
https://nextjs.org/docs/app/api-reference/functions/generate-viewport
ÔÜá Unsupported metadata themeColor is configured in metadata export in /. 
Please move it to viewport export instead.
Read more: 
https://nextjs.org/docs/app/api-reference/functions/generate-viewport
ÔÜá Unsupported metadata viewport is configured in metadata export in 
/privacy. Please move it to viewport export instead.
Read more: 
https://nextjs.org/docs/app/api-reference/functions/generate-viewport
ÔÜá Unsupported metadata themeColor is configured in metadata export in 
/privacy. Please move it to viewport export instead.
Read more: 
https://nextjs.org/docs/app/api-reference/functions/generate-viewport
Ô£ô Generating static pages using 7 workers (10/10) in 780ms
  Finalizing page optimization ...

Route (app)
Ôöî Ôùï /
Ôö£ Ôùï /_not-found
Ôö£ Ôùï /admin
Ôö£ ãÆ /api/admin/analytics
Ôö£ ãÆ /api/admin/auth
Ôö£ ãÆ /api/admin/cable/plans
Ôö£ ãÆ /api/admin/cable/plans/[id]
Ôö£ ãÆ /api/admin/plans
Ôö£ ãÆ /api/admin/plans/[id]
Ôö£ ãÆ /api/admin/power/plans
Ôö£ ãÆ /api/admin/power/plans/[id]
Ôö£ ãÆ /api/admin/transactions/airtime
Ôö£ ãÆ /api/admin/users
Ôö£ ãÆ /api/admin/users/[id]
Ôö£ ãÆ /api/admin/users/[id]/role
Ôö£ ãÆ /api/admin/users/[id]/transactions
Ôö£ ãÆ /api/airtime
Ôö£ ãÆ /api/auth/change-pin
Ôö£ ãÆ /api/auth/login
Ôö£ ãÆ /api/auth/logout
Ôö£ ãÆ /api/auth/me
Ôö£ ãÆ /api/auth/signup
Ôö£ ãÆ /api/cable/purchase
Ôö£ ãÆ /api/data/networks
Ôö£ ãÆ /api/data/plans
Ôö£ ãÆ /api/data/purchase
Ôö£ ãÆ /api/data/validate-pin
Ôö£ ãÆ /api/power/purchase
Ôö£ ãÆ /api/transactions
Ôö£ ãÆ /api/user/analytics
Ôö£ Ôùï /app
Ôö£ Ôùï /app/auth
Ôöö Ôùï /privacy


ãÆ Proxy (Middleware)

Ôùï  (Static)   prerendered as static content
ãÆ  (Dynamic)  server-rendered on demand

